Analysis & Synthesis report for Montacarichi
Fri Jun 29 19:35:39 2007
Quartus II Version 6.1 Build 201 11/27/2006 SJ Web Edition


---------------------
; Table of Contents ;
---------------------
  1. Legal Notice
  2. Analysis & Synthesis Summary
  3. Analysis & Synthesis Settings
  4. Analysis & Synthesis Source Files Read
  5. Analysis & Synthesis Resource Usage Summary
  6. Analysis & Synthesis Resource Utilization by Entity
  7. State Machine - |Montacarichi|mm
  8. Analysis & Synthesis Messages



----------------
; Legal Notice ;
----------------
Copyright (C) 1991-2006 Altera Corporation
Your use of Altera Corporation's design tools, logic functions 
and other software and tools, and its AMPP partner logic 
functions, and any output files from any of the foregoing 
(including device programming or simulation files), and any 
associated documentation or information are expressly subject 
to the terms and conditions of the Altera Program License 
Subscription Agreement, Altera MegaCore Function License 
Agreement, or other applicable license agreement, including, 
without limitation, that your use is for the sole purpose of 
programming logic devices manufactured by Altera and sold by 
Altera or its authorized distributors.  Please refer to the 
applicable agreement for further details.



+-----------------------------------------------------------------------+
; Analysis & Synthesis Summary                                          ;
+-----------------------------+-----------------------------------------+
; Analysis & Synthesis Status ; Successful - Fri Jun 29 19:35:39 2007   ;
; Quartus II Version          ; 6.1 Build 201 11/27/2006 SJ Web Edition ;
; Revision Name               ; Montacarichi                            ;
; Top-level Entity Name       ; Montacarichi                            ;
; Family                      ; MAX7000AE                               ;
; Total macrocells            ; 9                                       ;
; Total pins                  ; 14                                      ;
+-----------------------------+-----------------------------------------+


+-----------------------------------------------------------------------------------------------------+
; Analysis & Synthesis Settings                                                                       ;
+----------------------------------------------------------------------+--------------+---------------+
; Option                                                               ; Setting      ; Default Value ;
+----------------------------------------------------------------------+--------------+---------------+
; Top-level entity name                                                ; Montacarichi ; Montacarichi  ;
; Family name                                                          ; MAX7000AE    ; Stratix       ;
; Create Debugging Nodes for IP Cores                                  ; Off          ; Off           ;
; Preserve fewer node names                                            ; On           ; On            ;
; Disable OpenCore Plus hardware evaluation                            ; Off          ; Off           ;
; Verilog Version                                                      ; Verilog_2001 ; Verilog_2001  ;
; VHDL Version                                                         ; VHDL93       ; VHDL93        ;
; State Machine Processing                                             ; Auto         ; Auto          ;
; Safe State Machine                                                   ; Off          ; Off           ;
; Extract Verilog State Machines                                       ; On           ; On            ;
; Extract VHDL State Machines                                          ; On           ; On            ;
; Ignore Verilog initial constructs                                    ; Off          ; Off           ;
; Add Pass-Through Logic to Inferred RAMs                              ; On           ; On            ;
; NOT Gate Push-Back                                                   ; On           ; On            ;
; Power-Up Don't Care                                                  ; On           ; On            ;
; Remove Duplicate Registers                                           ; On           ; On            ;
; Ignore CARRY Buffers                                                 ; Off          ; Off           ;
; Ignore CASCADE Buffers                                               ; Off          ; Off           ;
; Ignore GLOBAL Buffers                                                ; Off          ; Off           ;
; Ignore ROW GLOBAL Buffers                                            ; Off          ; Off           ;
; Ignore LCELL Buffers -- MAX 7000B/7000AE/3000A/7000S/7000A           ; Auto         ; Auto          ;
; Ignore SOFT Buffers -- MAX 7000B/7000AE/3000A/7000S/7000A            ; Off          ; Off           ;
; Limit AHDL Integers to 32 Bits                                       ; Off          ; Off           ;
; Optimization Technique -- MAX 7000B/7000AE/3000A/7000S/7000A         ; Speed        ; Speed         ;
; Allow XOR Gate Usage                                                 ; On           ; On            ;
; Auto Logic Cell Insertion                                            ; On           ; On            ;
; Parallel Expander Chain Length -- MAX 7000B/7000AE/3000A/7000S/7000A ; 4            ; 4             ;
; Auto Parallel Expanders                                              ; On           ; On            ;
; Auto Open-Drain Pins                                                 ; On           ; On            ;
; Auto Resource Sharing                                                ; Off          ; Off           ;
; Maximum Fan-in Per Macrocell -- MAX 7000B/7000AE/3000A/7000S/7000A   ; 100          ; 100           ;
; Ignore translate_off and synthesis_off directives                    ; Off          ; Off           ;
; Show Parameter Settings Tables in Synthesis Report                   ; On           ; On            ;
; HDL message level                                                    ; Level2       ; Level2        ;
; Suppress Register Optimization Related Messages                      ; Off          ; Off           ;
; Number of Removed Registers Reported in Synthesis Report             ; 100          ; 100           ;
; Use smart compilation                                                ; Off          ; Off           ;
+----------------------------------------------------------------------+--------------+---------------+


+----------------------------------------------------------------------------------------------------------------------------------------------------------------+
; Analysis & Synthesis Source Files Read                                                                                                                         ;
+----------------------------------+-----------------+-----------------+-----------------------------------------------------------------------------------------+
; File Name with User-Entered Path ; Used in Netlist ; File Type       ; File Name with Absolute Path                                                            ;
+----------------------------------+-----------------+-----------------+-----------------------------------------------------------------------------------------+
; Montacarichi.tdf                 ; yes             ; User AHDL File  ; C:/Documents and Settings/Matteo/Desktop/Microelettronica/Montacarichi/Montacarichi.tdf ;
+----------------------------------+-----------------+-----------------+-----------------------------------------------------------------------------------------+


+---------------------------------------------+
; Analysis & Synthesis Resource Usage Summary ;
+----------------------+----------------------+
; Resource             ; Usage                ;
+----------------------+----------------------+
; Logic cells          ; 9                    ;
; Total registers      ; 3                    ;
; I/O pins             ; 14                   ;
; Parallel expanders   ; 3                    ;
; Maximum fan-out node ; q0                   ;
; Maximum fan-out      ; 9                    ;
; Total fan-out        ; 75                   ;
; Average fan-out      ; 3.26                 ;
+----------------------+----------------------+


+----------------------------------------------------------------------+
; Analysis & Synthesis Resource Utilization by Entity                  ;
+----------------------------+------------+------+---------------------+
; Compilation Hierarchy Node ; Macrocells ; Pins ; Full Hierarchy Name ;
+----------------------------+------------+------+---------------------+
; |Montacarichi              ; 9          ; 14   ; |Montacarichi       ;
+----------------------------+------------+------+---------------------+


Encoding Type:  Minimal Bits
+----------------------------------+
; State Machine - |Montacarichi|mm ;
+--------+----+----+---------------+
; Name   ; q0 ; q1 ; q2            ;
+--------+----+----+---------------+
; ground ; 0  ; 0  ; 0             ;
; first  ; 0  ; 1  ; 0             ;
; second ; 1  ; 1  ; 0             ;
; up_1   ; 0  ; 0  ; 1             ;
; up_2   ; 0  ; 1  ; 1             ;
; down_1 ; 1  ; 0  ; 1             ;
; down_t ; 1  ; 0  ; 0             ;
+--------+----+----+---------------+


+-------------------------------+
; Analysis & Synthesis Messages ;
+-------------------------------+
Info: *******************************************************************
Info: Running Quartus II Analysis & Synthesis
    Info: Version 6.1 Build 201 11/27/2006 SJ Web Edition
    Info: Processing started: Fri Jun 29 19:35:37 2007
Info: Command: quartus_map --read_settings_files=on --write_settings_files=off Montacarichi -c Montacarichi
Info: Found 1 design units, including 1 entities, in source file Montacarichi.tdf
    Info: Found entity 1: Montacarichi
Info: Elaborating entity "Montacarichi" for the top level hierarchy
Info: State machine "|Montacarichi|mm" contains 7 states and 3 state bits
Info: Selected Auto state machine encoding method for state machine "|Montacarichi|mm"
Info: Encoding result for state machine "|Montacarichi|mm"
    Info: Completed encoding using 3 state bits
        Info: Encoded state bit "q0"
        Info: Encoded state bit "q1"
        Info: Encoded state bit "q2"
    Info: State "|Montacarichi|ground" uses code string "000"
    Info: State "|Montacarichi|first" uses code string "010"
    Info: State "|Montacarichi|second" uses code string "110"
    Info: State "|Montacarichi|up_1" uses code string "001"
    Info: State "|Montacarichi|up_2" uses code string "011"
    Info: State "|Montacarichi|down_1" uses code string "101"
    Info: State "|Montacarichi|down_t" uses code string "100"
Info: Promoted pin-driven signal(s) to global signal
    Info: Promoted clock signal driven by pin "clk" to global clock signal
Info: Implemented 23 device resources after synthesis - the final resource count might be different
    Info: Implemented 11 input pins
    Info: Implemented 3 output pins
    Info: Implemented 9 macrocells
Info: Quartus II Analysis & Synthesis was successful. 0 errors, 0 warnings
    Info: Allocated 116 megabytes of memory during processing
    Info: Processing ended: Fri Jun 29 19:35:39 2007
    Info: Elapsed time: 00:00:02


